2026/01/14 14:22:33 縺ｫ繝薙Ν繝峨ｒ髢句ｧ九＠縺ｾ縺励◆縲・
     1>繝弱・繝・1 荳翫・繝励Ο繧ｸ繧ｧ繧ｯ繝・"C:\Users\szk\Work\Lhamiel\Lhamiel.Tests.Unit\Lhamiel.Tests.Unit.csproj" (Restore 繧ｿ繝ｼ繧ｲ繝・ヨ)縲・
     1>_GetAllRestoreProjectPathItems:
         蠕ｩ蜈・ｯｾ雎｡縺ｮ繝励Ο繧ｸ繧ｧ繧ｯ繝医ｒ豎ｺ螳壹＠縺ｦ縺・∪縺・..
     1>繝励Ο繧ｸ繧ｧ繧ｯ繝・"C:\Users\szk\Work\Lhamiel\Lhamiel.Tests.Unit\Lhamiel.Tests.Unit.csproj" (1) 縺ｯ縲√ヮ繝ｼ繝・1 荳翫↓ "C:\Users\szk\Work\Lhamiel\Lhamiel.csproj" (2:4) 繧偵ン繝ｫ繝峨＠縺ｦ縺・∪縺・(_GenerateProjectRestoreGraph 繧ｿ繝ｼ繧ｲ繝・ヨ)縲・
     2>AddPrunePackageReferences:
         Loading prune package data from PrunePackageData folder
         Failed to load prune package data from PrunePackageData folder, loading from targeting packs instead
         Looking for targeting packs in C:\Program Files\dotnet\packs\Microsoft.NETCore.App.Ref
         Pack directories found: C:\Program Files\dotnet\packs\Microsoft.NETCore.App.Ref\10.0.2
         Found package overrides file C:\Program Files\dotnet\packs\Microsoft.NETCore.App.Ref\10.0.2\data\PackageOverrides.txt
         Loading prune package data from PrunePackageData folder
         Failed to load prune package data from PrunePackageData folder, loading from targeting packs instead
         Looking for targeting packs in C:\Program Files\dotnet\packs\Microsoft.WindowsDesktop.App.Ref
         Pack directories found: C:\Program Files\dotnet\packs\Microsoft.WindowsDesktop.App.Ref\10.0.2
         Found package overrides file C:\Program Files\dotnet\packs\Microsoft.WindowsDesktop.App.Ref\10.0.2\data\PackageOverrides.txt
     2>繝励Ο繧ｸ繧ｧ繧ｯ繝・"C:\Users\szk\Work\Lhamiel\Lhamiel.csproj" (_GenerateProjectRestoreGraph 繧ｿ繝ｼ繧ｲ繝・ヨ) 縺ｮ繝薙Ν繝峨′螳御ｺ・＠縺ｾ縺励◆縲・
     1>繝励Ο繧ｸ繧ｧ繧ｯ繝・"C:\Users\szk\Work\Lhamiel\Lhamiel.Tests.Unit\Lhamiel.Tests.Unit.csproj" (1) 縺ｯ縲√ヮ繝ｼ繝・1 荳翫↓ "C:\Users\szk\Work\Lhamiel\Lhamiel.Tests.Unit\Lhamiel.Tests.Unit.csproj" (1:6) 繧偵ン繝ｫ繝峨＠縺ｦ縺・∪縺・(_GenerateProjectRestoreGraph 繧ｿ繝ｼ繧ｲ繝・ヨ)縲・
     1>AddPrunePackageReferences:
         Loading prune package data from PrunePackageData folder
         Failed to load prune package data from PrunePackageData folder, loading from targeting packs instead
         Looking for targeting packs in C:\Program Files\dotnet\packs\Microsoft.NETCore.App.Ref
         Pack directories found: C:\Program Files\dotnet\packs\Microsoft.NETCore.App.Ref\10.0.2
         Found package overrides file C:\Program Files\dotnet\packs\Microsoft.NETCore.App.Ref\10.0.2\data\PackageOverrides.txt
     1>繝励Ο繧ｸ繧ｧ繧ｯ繝・"C:\Users\szk\Work\Lhamiel\Lhamiel.Tests.Unit\Lhamiel.Tests.Unit.csproj" (_GenerateProjectRestoreGraph 繧ｿ繝ｼ繧ｲ繝・ヨ) 縺ｮ繝薙Ν繝峨′螳御ｺ・＠縺ｾ縺励◆縲・
     1>Restore:
         X.509 險ｼ譏取嶌繝√ぉ繝ｼ繝ｳ縺ｮ讀懆ｨｼ縺ｧ縺ｯ縲√さ繝ｼ繝臥ｽｲ蜷阪・縺溘ａ縺ｫ .NET 縺ｫ繧医▲縺ｦ驕ｸ謚槭＆繧後◆譌｢螳壹・菫｡鬆ｼ繧ｹ繝医い縺御ｽｿ逕ｨ縺輔ｌ縺ｾ縺吶・
         X.509 險ｼ譏取嶌繝√ぉ繝ｼ繝ｳ縺ｮ讀懆ｨｼ縺ｧ縺ｯ縲√ち繧､繝繧ｹ繧ｿ繝ｳ繝励↓ .NET 縺ｫ繧医▲縺ｦ驕ｸ謚槭＆繧後◆譌｢螳壹・菫｡鬆ｼ繧ｹ繝医い縺御ｽｿ逕ｨ縺輔ｌ縺ｾ縺吶・
         繧｢繧ｻ繝・ヨ 繝輔ぃ繧､繝ｫ縺ｯ螟画峩縺輔ｌ縺ｦ縺・∪縺帙ｓ縲ゅい繧ｻ繝・ヨ 繝輔ぃ繧､繝ｫ縺ｮ譖ｸ縺崎ｾｼ縺ｿ繧堤怐逡･縺励∪縺吶ゅヱ繧ｹ: C:\Users\szk\Work\Lhamiel\obj\project.assets.json
         繧｢繧ｻ繝・ヨ 繝輔ぃ繧､繝ｫ縺ｯ螟画峩縺輔ｌ縺ｦ縺・∪縺帙ｓ縲ゅい繧ｻ繝・ヨ 繝輔ぃ繧､繝ｫ縺ｮ譖ｸ縺崎ｾｼ縺ｿ繧堤怐逡･縺励∪縺吶ゅヱ繧ｹ: C:\Users\szk\Work\Lhamiel\Lhamiel.Tests.Unit\obj\project.assets.json
         C:\Users\szk\Work\Lhamiel\Lhamiel.csproj 繧貞ｾｩ蜈・＠縺ｾ縺励◆ (79 繝溘Μ遘・縲・
         C:\Users\szk\Work\Lhamiel\Lhamiel.Tests.Unit\Lhamiel.Tests.Unit.csproj 繧貞ｾｩ蜈・＠縺ｾ縺励◆ (79 繝溘Μ遘・縲・
         
         菴ｿ逕ｨ縺輔ｌ縺ｦ縺・ｋ NuGet Config 繝輔ぃ繧､繝ｫ:
             C:\Users\szk\Work\Lhamiel\NuGet.Config
             C:\Users\szk\AppData\Roaming\NuGet\NuGet.Config
             C:\Program Files (x86)\NuGet\Config\Microsoft.VisualStudio.FallbackLocation.config
             C:\Program Files (x86)\NuGet\Config\Microsoft.VisualStudio.Offline.config
         
         菴ｿ逕ｨ縺輔ｌ縺ｦ縺・ｋ繝輔ぅ繝ｼ繝・
             https://api.nuget.org/v3/index.json
             C:\Program Files\dotnet\library-packs
         蠕ｩ蜈・ｯｾ雎｡縺ｮ縺吶∋縺ｦ縺ｮ繝励Ο繧ｸ繧ｧ繧ｯ繝医・譛譁ｰ縺ｧ縺吶・
     1>繝励Ο繧ｸ繧ｧ繧ｯ繝・"C:\Users\szk\Work\Lhamiel\Lhamiel.Tests.Unit\Lhamiel.Tests.Unit.csproj" (Restore 繧ｿ繝ｼ繧ｲ繝・ヨ) 縺ｮ繝薙Ν繝峨′螳御ｺ・＠縺ｾ縺励◆縲・
   1:7>繝弱・繝・1 荳翫・繝励Ο繧ｸ繧ｧ繧ｯ繝・"C:\Users\szk\Work\Lhamiel\Lhamiel.Tests.Unit\Lhamiel.Tests.Unit.csproj" (VSTest 繧ｿ繝ｼ繧ｲ繝・ヨ)縲・
     1>BuildProject:
         繝薙Ν繝峨′髢句ｧ九＆繧後∪縺励◆縲ゅ＠縺ｰ繧峨￥縺雁ｾ・■縺上□縺輔＞...
   1:7>繝励Ο繧ｸ繧ｧ繧ｯ繝・"C:\Users\szk\Work\Lhamiel\Lhamiel.Tests.Unit\Lhamiel.Tests.Unit.csproj" (1:7) 縺ｯ縲√ヮ繝ｼ繝・1 荳翫↓ "C:\Users\szk\Work\Lhamiel\Lhamiel.Tests.Unit\Lhamiel.Tests.Unit.csproj" (1:8) 繧偵ン繝ｫ繝峨＠縺ｦ縺・∪縺・(譌｢螳壹・繧ｿ繝ｼ繧ｲ繝・ヨ)縲・
   1:8>繝励Ο繧ｸ繧ｧ繧ｯ繝・"C:\Users\szk\Work\Lhamiel\Lhamiel.Tests.Unit\Lhamiel.Tests.Unit.csproj" (1:8) 縺ｯ縲√ヮ繝ｼ繝・1 荳翫↓ "C:\Users\szk\Work\Lhamiel\Lhamiel.csproj" (2:6) 繧偵ン繝ｫ繝峨＠縺ｦ縺・∪縺・(譌｢螳壹・繧ｿ繝ｼ繧ｲ繝・ヨ)縲・
     2>MainResourcesGeneration:
       縺吶∋縺ｦ縺ｮ蜃ｺ蜉帙ヵ繧｡繧､繝ｫ縺悟・蜉帙ヵ繧｡繧､繝ｫ縺ｫ蟇ｾ縺励※譛譁ｰ縺ｪ縺ｮ縺ｧ縲√ち繝ｼ繧ｲ繝・ヨ "MainResourcesGeneration" 繧堤怐逡･縺励∪縺吶・
       CoreResGen:
         蜿､縺・Μ繧ｽ繝ｼ繧ｹ縺ｯ縲√◎繧後ｉ縺ｮ繧ｽ繝ｼ繧ｹ 繝輔ぃ繧､繝ｫ縺ｫ蟇ｾ縺励※蟄伜惠縺励∪縺帙ｓ縲ゅΜ繧ｽ繝ｼ繧ｹ逕滓・繧堤怐逡･縺励∪縺吶・
       GenerateTargetFrameworkMonikerAttribute:
       縺吶∋縺ｦ縺ｮ蜃ｺ蜉帙ヵ繧｡繧､繝ｫ縺悟・蜉帙ヵ繧｡繧､繝ｫ縺ｫ蟇ｾ縺励※譛譁ｰ縺ｪ縺ｮ縺ｧ縲√ち繝ｼ繧ｲ繝・ヨ "GenerateTargetFrameworkMonikerAttribute" 繧堤怐逡･縺励∪縺吶・
       CoreGenerateAssemblyInfo:
       縺吶∋縺ｦ縺ｮ蜃ｺ蜉帙ヵ繧｡繧､繝ｫ縺悟・蜉帙ヵ繧｡繧､繝ｫ縺ｫ蟇ｾ縺励※譛譁ｰ縺ｪ縺ｮ縺ｧ縲√ち繝ｼ繧ｲ繝・ヨ "CoreGenerateAssemblyInfo" 繧堤怐逡･縺励∪縺吶・
       _GenerateSourceLinkFile:
         Source Link 繝輔ぃ繧､繝ｫ 'obj\Debug\net10.0-windows8.0\Lhamiel.sourcelink.json' 縺ｯ譛譁ｰ縺ｧ縺吶・
       CoreCompile:
       縺吶∋縺ｦ縺ｮ蜃ｺ蜉帙ヵ繧｡繧､繝ｫ縺悟・蜉帙ヵ繧｡繧､繝ｫ縺ｫ蟇ｾ縺励※譛譁ｰ縺ｪ縺ｮ縺ｧ縲√ち繝ｼ繧ｲ繝・ヨ "CoreCompile" 繧堤怐逡･縺励∪縺吶・
       _CreateAppHost:
       縺吶∋縺ｦ縺ｮ蜃ｺ蜉帙ヵ繧｡繧､繝ｫ縺悟・蜉帙ヵ繧｡繧､繝ｫ縺ｫ蟇ｾ縺励※譛譁ｰ縺ｪ縺ｮ縺ｧ縲√ち繝ｼ繧ｲ繝・ヨ "_CreateAppHost" 繧堤怐逡･縺励∪縺吶・
       _CopyFilesMarkedCopyLocal:
         繝・ぅ繝ｬ繧ｯ繝医Μ "bin\Debug\net10.0-windows8.0\runtimes\win-x64\native" 繧剃ｽ懈・縺励※縺・∪縺吶・
         繝・ぅ繝ｬ繧ｯ繝医Μ "bin\Debug\net10.0-windows8.0\runtimes\win-x86\native" 繧剃ｽ懈・縺励※縺・∪縺吶・
         繝・ぅ繝ｬ繧ｯ繝医Μ "bin\Debug\net10.0-windows8.0\runtimes\win-x86\native" 繧剃ｽ懈・縺励※縺・∪縺吶・
         繝・ぅ繝ｬ繧ｯ繝医Μ "bin\Debug\net10.0-windows8.0\runtimes\win-x64\native" 繧剃ｽ懈・縺励※縺・∪縺吶・
         "C:\Users\szk\.nuget\packages\cube.native.sevenzip\24.6.1\runtimes\win-x86\native\7z.sfx" 縺九ｉ "C:\Users\szk\Work\Lhamiel\bin\Debug\net10.0-windows8.0\runtimes\win-x86\native\7z.sfx" 縺ｸ繝輔ぃ繧､繝ｫ繧偵さ繝斐・縺励※縺・∪縺吶・
         "C:\Users\szk\.nuget\packages\cube.native.sevenzip\24.6.1\runtimes\win-x64\native\7z.sfx" 縺九ｉ "C:\Users\szk\Work\Lhamiel\bin\Debug\net10.0-windows8.0\runtimes\win-x64\native\7z.sfx" 縺ｸ繝輔ぃ繧､繝ｫ繧偵さ繝斐・縺励※縺・∪縺吶・
         "C:\Users\szk\.nuget\packages\cube.native.sevenzip\24.6.1\runtimes\win-x86\native\7z.dll" 縺九ｉ "C:\Users\szk\Work\Lhamiel\bin\Debug\net10.0-windows8.0\runtimes\win-x86\native\7z.dll" 縺ｸ繝輔ぃ繧､繝ｫ繧偵さ繝斐・縺励※縺・∪縺吶・
         "C:\Users\szk\.nuget\packages\cube.native.sevenzip\24.6.1\runtimes\win-x64\native\7z.dll" 縺九ｉ "C:\Users\szk\Work\Lhamiel\bin\Debug\net10.0-windows8.0\runtimes\win-x64\native\7z.dll" 縺ｸ繝輔ぃ繧､繝ｫ繧偵さ繝斐・縺励※縺・∪縺吶・
         "C:\Users\szk\Work\Lhamiel\obj\Debug\net10.0-windows8.0\Lhamiel.csproj.Up2Date" 縺ｮ繧ｿ繝・メ 繧ｿ繧ｹ繧ｯ繧貞ｮ溯｡後＠縺ｦ縺・∪縺吶・
       _CopyOutOfDateSourceItemsToOutputDirectory:
       縺吶∋縺ｦ縺ｮ蜃ｺ蜉帙ヵ繧｡繧､繝ｫ縺悟・蜉帙ヵ繧｡繧､繝ｫ縺ｫ蟇ｾ縺励※譛譁ｰ縺ｪ縺ｮ縺ｧ縲√ち繝ｼ繧ｲ繝・ヨ "_CopyOutOfDateSourceItemsToOutputDirectory" 繧堤怐逡･縺励∪縺吶・
       GenerateBuildDependencyFile:
       縺吶∋縺ｦ縺ｮ蜃ｺ蜉帙ヵ繧｡繧､繝ｫ縺悟・蜉帙ヵ繧｡繧､繝ｫ縺ｫ蟇ｾ縺励※譛譁ｰ縺ｪ縺ｮ縺ｧ縲√ち繝ｼ繧ｲ繝・ヨ "GenerateBuildDependencyFile" 繧堤怐逡･縺励∪縺吶・
       GenerateBuildRuntimeConfigurationFiles:
       縺吶∋縺ｦ縺ｮ蜃ｺ蜉帙ヵ繧｡繧､繝ｫ縺悟・蜉帙ヵ繧｡繧､繝ｫ縺ｫ蟇ｾ縺励※譛譁ｰ縺ｪ縺ｮ縺ｧ縲√ち繝ｼ繧ｲ繝・ヨ "GenerateBuildRuntimeConfigurationFiles" 繧堤怐逡･縺励∪縺吶・
       CopyFilesToOutputDirectory:
         Lhamiel -> C:\Users\szk\Work\Lhamiel\bin\Debug\net10.0-windows8.0\Lhamiel.dll
       NG7zLibs_net_AfterBuild:
         繝・ぅ繝ｬ繧ｯ繝医Μ "C:\Users\szk\Work\Lhamiel\bin\Debug\net10.0-windows8.0\x86" 繧剃ｽ懈・縺励※縺・∪縺吶・
         繝・ぅ繝ｬ繧ｯ繝医Μ "C:\Users\szk\Work\Lhamiel\bin\Debug\net10.0-windows8.0\x86" 繧剃ｽ懈・縺励※縺・∪縺吶・
         繝・ぅ繝ｬ繧ｯ繝医Μ "C:\Users\szk\Work\Lhamiel\bin\Debug\net10.0-windows8.0\x86" 繧剃ｽ懈・縺励※縺・∪縺吶・
         "C:\Users\szk\.nuget\packages\7z.libs\25.1.0\bin\x86\7zxa.dll" 縺九ｉ "C:\Users\szk\Work\Lhamiel\bin\Debug\net10.0-windows8.0\x86\7zxa.dll" 縺ｸ繝輔ぃ繧､繝ｫ繧偵さ繝斐・縺励※縺・∪縺吶・
         "C:\Users\szk\.nuget\packages\7z.libs\25.1.0\bin\x86\7z.dll" 縺九ｉ "C:\Users\szk\Work\Lhamiel\bin\Debug\net10.0-windows8.0\x86\7z.dll" 縺ｸ繝輔ぃ繧､繝ｫ繧偵さ繝斐・縺励※縺・∪縺吶・
         "C:\Users\szk\.nuget\packages\7z.libs\25.1.0\bin\x86\7za.dll" 縺九ｉ "C:\Users\szk\Work\Lhamiel\bin\Debug\net10.0-windows8.0\x86\7za.dll" 縺ｸ繝輔ぃ繧､繝ｫ繧偵さ繝斐・縺励※縺・∪縺吶・
         繝・ぅ繝ｬ繧ｯ繝医Μ "C:\Users\szk\Work\Lhamiel\bin\Debug\net10.0-windows8.0\x64" 繧剃ｽ懈・縺励※縺・∪縺吶・
         繝・ぅ繝ｬ繧ｯ繝医Μ "C:\Users\szk\Work\Lhamiel\bin\Debug\net10.0-windows8.0\x64" 繧剃ｽ懈・縺励※縺・∪縺吶・
         繝・ぅ繝ｬ繧ｯ繝医Μ "C:\Users\szk\Work\Lhamiel\bin\Debug\net10.0-windows8.0\x64" 繧剃ｽ懈・縺励※縺・∪縺吶・
         "C:\Users\szk\.nuget\packages\7z.libs\25.1.0\bin\x64\7za.dll" 縺九ｉ "C:\Users\szk\Work\Lhamiel\bin\Debug\net10.0-windows8.0\x64\7za.dll" 縺ｸ繝輔ぃ繧､繝ｫ繧偵さ繝斐・縺励※縺・∪縺吶・
         "C:\Users\szk\.nuget\packages\7z.libs\25.1.0\bin\x64\7zxa.dll" 縺九ｉ "C:\Users\szk\Work\Lhamiel\bin\Debug\net10.0-windows8.0\x64\7zxa.dll" 縺ｸ繝輔ぃ繧､繝ｫ繧偵さ繝斐・縺励※縺・∪縺吶・
         "C:\Users\szk\.nuget\packages\7z.libs\25.1.0\bin\x64\7z.dll" 縺九ｉ "C:\Users\szk\Work\Lhamiel\bin\Debug\net10.0-windows8.0\x64\7z.dll" 縺ｸ繝輔ぃ繧､繝ｫ繧偵さ繝斐・縺励※縺・∪縺吶・
       NG7zLibsCopyLicense_net_AfterBuild:
         "C:\Users\szk\.nuget\packages\7z.libs\25.1.0\bin\License.txt" 縺九ｉ "C:\Users\szk\Work\Lhamiel\bin\Debug\net10.0-windows8.0\x86\License.7z.txt" 縺ｸ繝輔ぃ繧､繝ｫ繧偵さ繝斐・縺励※縺・∪縺吶・
         "C:\Users\szk\.nuget\packages\7z.libs\25.1.0\bin\License.7za-7zxa.txt" 縺九ｉ "C:\Users\szk\Work\Lhamiel\bin\Debug\net10.0-windows8.0\x86\License.7za-7zxa.txt" 縺ｸ繝輔ぃ繧､繝ｫ繧偵さ繝斐・縺励※縺・∪縺吶・
         "C:\Users\szk\.nuget\packages\7z.libs\25.1.0\bin\License.txt" 縺九ｉ "C:\Users\szk\Work\Lhamiel\bin\Debug\net10.0-windows8.0\x64\License.7z.txt" 縺ｸ繝輔ぃ繧､繝ｫ繧偵さ繝斐・縺励※縺・∪縺吶・
         "C:\Users\szk\.nuget\packages\7z.libs\25.1.0\bin\License.7za-7zxa.txt" 縺九ｉ "C:\Users\szk\Work\Lhamiel\bin\Debug\net10.0-windows8.0\x64\License.7za-7zxa.txt" 縺ｸ繝輔ぃ繧､繝ｫ繧偵さ繝斐・縺励※縺・∪縺吶・
       Move7zDllToRoot:
         "bin\Debug\net10.0-windows8.0\x64\7z.dll" 縺九ｉ "bin\Debug\net10.0-windows8.0\7z.dll" 縺ｸ繝輔ぃ繧､繝ｫ繧堤ｧｻ蜍輔＠縺ｦ縺・∪縺吶・
         繝・ぅ繝ｬ繧ｯ繝医Μ "bin\Debug\net10.0-windows8.0\x64" 繧貞炎髯､縺励※縺・∪縺吶・
         繝・ぅ繝ｬ繧ｯ繝医Μ "bin\Debug\net10.0-windows8.0\x86" 繧貞炎髯､縺励※縺・∪縺吶・
         繝・ぅ繝ｬ繧ｯ繝医Μ "bin\Debug\net10.0-windows8.0\runtimes" 繧貞炎髯､縺励※縺・∪縺吶・
     2>繝励Ο繧ｸ繧ｧ繧ｯ繝・"C:\Users\szk\Work\Lhamiel\Lhamiel.csproj" (譌｢螳壹・繧ｿ繝ｼ繧ｲ繝・ヨ) 縺ｮ繝薙Ν繝峨′螳御ｺ・＠縺ｾ縺励◆縲・
     1>GenerateTargetFrameworkMonikerAttribute:
       縺吶∋縺ｦ縺ｮ蜃ｺ蜉帙ヵ繧｡繧､繝ｫ縺悟・蜉帙ヵ繧｡繧､繝ｫ縺ｫ蟇ｾ縺励※譛譁ｰ縺ｪ縺ｮ縺ｧ縲√ち繝ｼ繧ｲ繝・ヨ "GenerateTargetFrameworkMonikerAttribute" 繧堤怐逡･縺励∪縺吶・
       CoreGenerateAssemblyInfo:
       縺吶∋縺ｦ縺ｮ蜃ｺ蜉帙ヵ繧｡繧､繝ｫ縺悟・蜉帙ヵ繧｡繧､繝ｫ縺ｫ蟇ｾ縺励※譛譁ｰ縺ｪ縺ｮ縺ｧ縲√ち繝ｼ繧ｲ繝・ヨ "CoreGenerateAssemblyInfo" 繧堤怐逡･縺励∪縺吶・
       _GenerateSourceLinkFile:
         Source Link 繝輔ぃ繧､繝ｫ 'obj\Debug\net10.0-windows8.0\Lhamiel.Tests.Unit.sourcelink.json' 縺ｯ譛譁ｰ縺ｧ縺吶・
       CoreCompile:
       縺吶∋縺ｦ縺ｮ蜃ｺ蜉帙ヵ繧｡繧､繝ｫ縺悟・蜉帙ヵ繧｡繧､繝ｫ縺ｫ蟇ｾ縺励※譛譁ｰ縺ｪ縺ｮ縺ｧ縲√ち繝ｼ繧ｲ繝・ヨ "CoreCompile" 繧堤怐逡･縺励∪縺吶・
       _CopyFilesMarkedCopyLocal:
         繝・ぅ繝ｬ繧ｯ繝医Μ "bin\Debug\net10.0-windows8.0\runtimes\win-x64\native" 繧剃ｽ懈・縺励※縺・∪縺吶・
         繝・ぅ繝ｬ繧ｯ繝医Μ "bin\Debug\net10.0-windows8.0\runtimes\win-x64\native" 繧剃ｽ懈・縺励※縺・∪縺吶・
         繝・ぅ繝ｬ繧ｯ繝医Μ "bin\Debug\net10.0-windows8.0\runtimes\win-x86\native" 繧剃ｽ懈・縺励※縺・∪縺吶・
         繝・ぅ繝ｬ繧ｯ繝医Μ "bin\Debug\net10.0-windows8.0\runtimes\win-x86\native" 繧剃ｽ懈・縺励※縺・∪縺吶・
         "C:\Users\szk\.nuget\packages\cube.native.sevenzip\24.6.1\runtimes\win-x64\native\7z.dll" 縺九ｉ "C:\Users\szk\Work\Lhamiel\Lhamiel.Tests.Unit\bin\Debug\net10.0-windows8.0\runtimes\win-x64\native\7z.dll" 縺ｸ繝輔ぃ繧､繝ｫ繧偵さ繝斐・縺励※縺・∪縺吶・
         "C:\Users\szk\.nuget\packages\cube.native.sevenzip\24.6.1\runtimes\win-x64\native\7z.sfx" 縺九ｉ "C:\Users\szk\Work\Lhamiel\Lhamiel.Tests.Unit\bin\Debug\net10.0-windows8.0\runtimes\win-x64\native\7z.sfx" 縺ｸ繝輔ぃ繧､繝ｫ繧偵さ繝斐・縺励※縺・∪縺吶・
         "C:\Users\szk\.nuget\packages\cube.native.sevenzip\24.6.1\runtimes\win-x86\native\7z.sfx" 縺九ｉ "C:\Users\szk\Work\Lhamiel\Lhamiel.Tests.Unit\bin\Debug\net10.0-windows8.0\runtimes\win-x86\native\7z.sfx" 縺ｸ繝輔ぃ繧､繝ｫ繧偵さ繝斐・縺励※縺・∪縺吶・
         "C:\Users\szk\.nuget\packages\cube.native.sevenzip\24.6.1\runtimes\win-x86\native\7z.dll" 縺九ｉ "C:\Users\szk\Work\Lhamiel\Lhamiel.Tests.Unit\bin\Debug\net10.0-windows8.0\runtimes\win-x86\native\7z.dll" 縺ｸ繝輔ぃ繧､繝ｫ繧偵さ繝斐・縺励※縺・∪縺吶・
         "C:\Users\szk\Work\Lhamiel\Lhamiel.Tests.Unit\obj\Debug\net10.0-windows8.0\Lhamiel..55AF5751.Up2Date" 縺ｮ繧ｿ繝・メ 繧ｿ繧ｹ繧ｯ繧貞ｮ溯｡後＠縺ｦ縺・∪縺吶・
       _CopyOutOfDateSourceItemsToOutputDirectory:
       縺吶∋縺ｦ縺ｮ蜃ｺ蜉帙ヵ繧｡繧､繝ｫ縺悟・蜉帙ヵ繧｡繧､繝ｫ縺ｫ蟇ｾ縺励※譛譁ｰ縺ｪ縺ｮ縺ｧ縲√ち繝ｼ繧ｲ繝・ヨ "_CopyOutOfDateSourceItemsToOutputDirectory" 繧堤怐逡･縺励∪縺吶・
       GenerateBuildDependencyFile:
       縺吶∋縺ｦ縺ｮ蜃ｺ蜉帙ヵ繧｡繧､繝ｫ縺悟・蜉帙ヵ繧｡繧､繝ｫ縺ｫ蟇ｾ縺励※譛譁ｰ縺ｪ縺ｮ縺ｧ縲√ち繝ｼ繧ｲ繝・ヨ "GenerateBuildDependencyFile" 繧堤怐逡･縺励∪縺吶・
       GenerateBuildRuntimeConfigurationFiles:
       縺吶∋縺ｦ縺ｮ蜃ｺ蜉帙ヵ繧｡繧､繝ｫ縺悟・蜉帙ヵ繧｡繧､繝ｫ縺ｫ蟇ｾ縺励※譛譁ｰ縺ｪ縺ｮ縺ｧ縲√ち繝ｼ繧ｲ繝・ヨ "GenerateBuildRuntimeConfigurationFiles" 繧堤怐逡･縺励∪縺吶・
       CopyFilesToOutputDirectory:
         Lhamiel.Tests.Unit -> C:\Users\szk\Work\Lhamiel\Lhamiel.Tests.Unit\bin\Debug\net10.0-windows8.0\Lhamiel.Tests.Unit.dll
       NG7zLibs_net_AfterBuild:
         繝・ぅ繝ｬ繧ｯ繝医Μ "C:\Users\szk\Work\Lhamiel\Lhamiel.Tests.Unit\bin\Debug\net10.0-windows8.0\x86" 繧剃ｽ懈・縺励※縺・∪縺吶・
         繝・ぅ繝ｬ繧ｯ繝医Μ "C:\Users\szk\Work\Lhamiel\Lhamiel.Tests.Unit\bin\Debug\net10.0-windows8.0\x86" 繧剃ｽ懈・縺励※縺・∪縺吶・
         繝・ぅ繝ｬ繧ｯ繝医Μ "C:\Users\szk\Work\Lhamiel\Lhamiel.Tests.Unit\bin\Debug\net10.0-windows8.0\x86" 繧剃ｽ懈・縺励※縺・∪縺吶・
         "C:\Users\szk\.nuget\packages\7z.libs\25.1.0\bin\x86\7z.dll" 縺九ｉ "C:\Users\szk\Work\Lhamiel\Lhamiel.Tests.Unit\bin\Debug\net10.0-windows8.0\x86\7z.dll" 縺ｸ繝輔ぃ繧､繝ｫ繧偵さ繝斐・縺励※縺・∪縺吶・
         "C:\Users\szk\.nuget\packages\7z.libs\25.1.0\bin\x86\7za.dll" 縺九ｉ "C:\Users\szk\Work\Lhamiel\Lhamiel.Tests.Unit\bin\Debug\net10.0-windows8.0\x86\7za.dll" 縺ｸ繝輔ぃ繧､繝ｫ繧偵さ繝斐・縺励※縺・∪縺吶・
         "C:\Users\szk\.nuget\packages\7z.libs\25.1.0\bin\x86\7zxa.dll" 縺九ｉ "C:\Users\szk\Work\Lhamiel\Lhamiel.Tests.Unit\bin\Debug\net10.0-windows8.0\x86\7zxa.dll" 縺ｸ繝輔ぃ繧､繝ｫ繧偵さ繝斐・縺励※縺・∪縺吶・
         繝・ぅ繝ｬ繧ｯ繝医Μ "C:\Users\szk\Work\Lhamiel\Lhamiel.Tests.Unit\bin\Debug\net10.0-windows8.0\x64" 繧剃ｽ懈・縺励※縺・∪縺吶・
         繝・ぅ繝ｬ繧ｯ繝医Μ "C:\Users\szk\Work\Lhamiel\Lhamiel.Tests.Unit\bin\Debug\net10.0-windows8.0\x64" 繧剃ｽ懈・縺励※縺・∪縺吶・
         繝・ぅ繝ｬ繧ｯ繝医Μ "C:\Users\szk\Work\Lhamiel\Lhamiel.Tests.Unit\bin\Debug\net10.0-windows8.0\x64" 繧剃ｽ懈・縺励※縺・∪縺吶・
         "C:\Users\szk\.nuget\packages\7z.libs\25.1.0\bin\x64\7zxa.dll" 縺九ｉ "C:\Users\szk\Work\Lhamiel\Lhamiel.Tests.Unit\bin\Debug\net10.0-windows8.0\x64\7zxa.dll" 縺ｸ繝輔ぃ繧､繝ｫ繧偵さ繝斐・縺励※縺・∪縺吶・
         "C:\Users\szk\.nuget\packages\7z.libs\25.1.0\bin\x64\7z.dll" 縺九ｉ "C:\Users\szk\Work\Lhamiel\Lhamiel.Tests.Unit\bin\Debug\net10.0-windows8.0\x64\7z.dll" 縺ｸ繝輔ぃ繧､繝ｫ繧偵さ繝斐・縺励※縺・∪縺吶・
         "C:\Users\szk\.nuget\packages\7z.libs\25.1.0\bin\x64\7za.dll" 縺九ｉ "C:\Users\szk\Work\Lhamiel\Lhamiel.Tests.Unit\bin\Debug\net10.0-windows8.0\x64\7za.dll" 縺ｸ繝輔ぃ繧､繝ｫ繧偵さ繝斐・縺励※縺・∪縺吶・
       NG7zLibsCopyLicense_net_AfterBuild:
         "C:\Users\szk\.nuget\packages\7z.libs\25.1.0\bin\License.txt" 縺九ｉ "C:\Users\szk\Work\Lhamiel\Lhamiel.Tests.Unit\bin\Debug\net10.0-windows8.0\x86\License.7z.txt" 縺ｸ繝輔ぃ繧､繝ｫ繧偵さ繝斐・縺励※縺・∪縺吶・
         "C:\Users\szk\.nuget\packages\7z.libs\25.1.0\bin\License.7za-7zxa.txt" 縺九ｉ "C:\Users\szk\Work\Lhamiel\Lhamiel.Tests.Unit\bin\Debug\net10.0-windows8.0\x86\License.7za-7zxa.txt" 縺ｸ繝輔ぃ繧､繝ｫ繧偵さ繝斐・縺励※縺・∪縺吶・
         "C:\Users\szk\.nuget\packages\7z.libs\25.1.0\bin\License.txt" 縺九ｉ "C:\Users\szk\Work\Lhamiel\Lhamiel.Tests.Unit\bin\Debug\net10.0-windows8.0\x64\License.7z.txt" 縺ｸ繝輔ぃ繧､繝ｫ繧偵さ繝斐・縺励※縺・∪縺吶・
         "C:\Users\szk\.nuget\packages\7z.libs\25.1.0\bin\License.7za-7zxa.txt" 縺九ｉ "C:\Users\szk\Work\Lhamiel\Lhamiel.Tests.Unit\bin\Debug\net10.0-windows8.0\x64\License.7za-7zxa.txt" 縺ｸ繝輔ぃ繧､繝ｫ繧偵さ繝斐・縺励※縺・∪縺吶・
       Move7zDllToRoot:
         "bin\Debug\net10.0-windows8.0\x64\7z.dll" 縺九ｉ "bin\Debug\net10.0-windows8.0\7z.dll" 縺ｸ繝輔ぃ繧､繝ｫ繧堤ｧｻ蜍輔＠縺ｦ縺・∪縺吶・
         繝・ぅ繝ｬ繧ｯ繝医Μ "bin\Debug\net10.0-windows8.0\x64" 繧貞炎髯､縺励※縺・∪縺吶・
         繝・ぅ繝ｬ繧ｯ繝医Μ "bin\Debug\net10.0-windows8.0\x86" 繧貞炎髯､縺励※縺・∪縺吶・
         繝・ぅ繝ｬ繧ｯ繝医Μ "bin\Debug\net10.0-windows8.0\runtimes" 繧貞炎髯､縺励※縺・∪縺吶・
     1>繝励Ο繧ｸ繧ｧ繧ｯ繝・"C:\Users\szk\Work\Lhamiel\Lhamiel.Tests.Unit\Lhamiel.Tests.Unit.csproj" (譌｢螳壹・繧ｿ繝ｼ繧ｲ繝・ヨ) 縺ｮ繝薙Ν繝峨′螳御ｺ・＠縺ｾ縺励◆縲・
     1>BuildProject:
         繝薙Ν繝峨′螳御ｺ・＠縺ｾ縺励◆縲・
         
C:\Users\szk\Work\Lhamiel\Lhamiel.Tests.Unit\bin\Debug\net10.0-windows8.0\Lhamiel.Tests.Unit.dll (.NETCoreApp,Version=v10.0) 縺ｮ繝・せ繝亥ｮ溯｡・
VSTest 縺ｮ繝舌・繧ｸ繝ｧ繝ｳ 18.0.1 (x64)

繝・せ繝亥ｮ溯｡後ｒ髢句ｧ九＠縺ｦ縺・∪縺吶ゅ♀蠕・■縺上□縺輔＞...
蜷郁ｨ・1 蛟九・繝・せ繝・繝輔ぃ繧､繝ｫ縺梧欠螳壹＆繧後◆繝代ち繝ｼ繝ｳ縺ｨ荳閾ｴ縺励∪縺励◆縲・
[xUnit.net 00:00:00.00] xUnit.net VSTest Adapter v2.5.4.1+b9eacec401 (64-bit .NET 10.0.2)
[xUnit.net 00:00:00.08]   Discovering: Lhamiel.Tests.Unit
[xUnit.net 00:00:00.13]   Discovered:  Lhamiel.Tests.Unit
[xUnit.net 00:00:00.13]   Starting:    Lhamiel.Tests.Unit
  謌仙粥 Lhamiel.Tests.Unit.SettingsTests.SupportedCompressionFormats_ContainsExpectedFormats(format: "unknown", shouldBeSupported: False) [11 ms]
  謌仙粥 Lhamiel.Tests.Unit.SettingsTests.SupportedCompressionFormats_ContainsExpectedFormats(format: "RAR", shouldBeSupported: False) [< 1 ms]
  謌仙粥 Lhamiel.Tests.Unit.SettingsTests.SupportedCompressionFormats_ContainsExpectedFormats(format: "GZ", shouldBeSupported: False) [< 1 ms]
  謌仙粥 Lhamiel.Tests.Unit.SettingsTests.SupportedCompressionFormats_ContainsExpectedFormats(format: "7z", shouldBeSupported: True) [< 1 ms]
  謌仙粥 Lhamiel.Tests.Unit.SettingsTests.SupportedCompressionFormats_ContainsExpectedFormats(format: "LHA", shouldBeSupported: True) [< 1 ms]
  謌仙粥 Lhamiel.Tests.Unit.SettingsTests.SupportedCompressionFormats_ContainsExpectedFormats(format: "TAR", shouldBeSupported: True) [< 1 ms]
  謌仙粥 Lhamiel.Tests.Unit.SettingsTests.SupportedCompressionFormats_ContainsExpectedFormats(format: "ZIP", shouldBeSupported: True) [< 1 ms]
  謌仙粥 Lhamiel.Tests.Unit.SettingsTests.ExtractOnlyFormats_ContainsExpectedFormats(format: "ZIP", shouldBeExtractOnly: False) [< 1 ms]
  謌仙粥 Lhamiel.Tests.Unit.SettingsTests.ExtractOnlyFormats_ContainsExpectedFormats(format: "RAR", shouldBeExtractOnly: True) [< 1 ms]
  謌仙粥 Lhamiel.Tests.Unit.SettingsTests.ExtractOnlyFormats_ContainsExpectedFormats(format: "7z", shouldBeExtractOnly: False) [< 1 ms]
  謌仙粥 Lhamiel.Tests.Unit.SettingsTests.ExtractOnlyFormats_ContainsExpectedFormats(format: "Z", shouldBeExtractOnly: True) [< 1 ms]
  謌仙粥 Lhamiel.Tests.Unit.SettingsTests.ExtractOnlyFormats_ContainsExpectedFormats(format: "ARJ", shouldBeExtractOnly: True) [< 1 ms]
  謌仙粥 Lhamiel.Tests.Unit.SettingsTests.ResetToDefaults_RestoresDefaultValues [5 ms]
  謌仙粥 Lhamiel.Tests.Unit.SettingsTests.SupportedExtractionFormats_ContainsExpectedFormats(format: "unknown", shouldBeSupported: False) [< 1 ms]
  謌仙粥 Lhamiel.Tests.Unit.SettingsTests.SupportedExtractionFormats_ContainsExpectedFormats(format: "7z", shouldBeSupported: True) [< 1 ms]
=== Test: GetOutputDirectory_WithDeepNestedFolders_PreventsDoubleFolders ===
ZIP file: C:\Users\szk\AppData\Local\Temp\ArchiveExtractorTests_45749f67-7dcf-4181-a571-567ef871edb2\ABC.zip
ZIP file name (without extension): ABC
Output directory: C:\Users\szk\AppData\Local\Temp\ArchiveExtractorTests_45749f67-7dcf-4181-a571-567ef871edb2\output
Archive contents (2 items):
  - 'ABC\ABC\ABC\ABC\ABC\・ｽ・ｽ・ｽg\file1.txt'
  - 'ABC\ABC\ABC\ABC\ABC\・ｽ・ｽ・ｽg\file2.txt'
・ｽ・ｽ・ｽﾒ値 (Expected): C:\Users\szk\AppData\Local\Temp\ArchiveExtractorTests_45749f67-7dcf-4181-a571-567ef871edb2\output
・ｽ・ｽ・ｽ・ｽ (Actual):   C:\Users\szk\AppData\Local\Temp\ArchiveExtractorTests_45749f67-7dcf-4181-a571-567ef871edb2\output
・ｽ・ｽv: True
=== ・ｽV・ｽd・ｽl・ｽﾅの撰ｿｽ・ｽ・ｽ ===
・ｽ・ｽ・ｽ[・ｽg・ｽ・ｽ・ｽx・ｽ・ｽ・ｽ・ｽ 'ABC' ・ｽt・ｽH・ｽ・ｽ・ｽ_・ｽ・ｽ1・ｽﾂゑｿｽ・ｽ・ｽ・ｽ・ｽ・ｽ・ｽ鼾・ｿｽA
・ｽ・ｽd・ｽt・ｽH・ｽ・ｽ・ｽ_・ｽh・ｽ~・ｽﾉゑｿｽ・ｽ outputDir ・ｽ・ｽ・ｽ・ｽ・ｽﾚ返ゑｿｽ・ｽ・ｽ・ｽ
・ｽi・ｽW・ｽJ・ｽ・ｽ・ｽ・ｽ ABC ・ｽﾌ抵ｿｽ・ｽg・ｽiABC/ABC/ABC/...・ｽj・ｽ・ｽ outputDir ・ｽﾉ配・ｽu・ｽ・ｽ・ｽ・ｽ・ｽj
=== Test: GetOutputDirectory_WithSingleFolderInRoot_PreventsDoubleFolders ===
ZIP file: C:\Users\szk\AppData\Local\Temp\ArchiveExtractorTests_8c1a1d06-91e9-4dc6-9e60-ee5e4f73f0c6\ProjectA.zip
ZIP file name (without extension): ProjectA
Output directory: C:\Users\szk\AppData\Local\Temp\ArchiveExtractorTests_8c1a1d06-91e9-4dc6-9e60-ee5e4f73f0c6\output
Archive contents (3 items):
  - 'ProjectA\readme.txt'
  - 'ProjectA\files\config.txt'
  - 'ProjectA\files\data\data.txt'
・ｽ・ｽ・ｽﾒ値 (Expected): C:\Users\szk\AppData\Local\Temp\ArchiveExtractorTests_8c1a1d06-91e9-4dc6-9e60-ee5e4f73f0c6\output
・ｽ・ｽ・ｽ・ｽ (Actual):   C:\Users\szk\AppData\Local\Temp\ArchiveExtractorTests_8c1a1d06-91e9-4dc6-9e60-ee5e4f73f0c6\output
・ｽ・ｽv: True
=== ・ｽV・ｽd・ｽl・ｽﾅの撰ｿｽ・ｽ・ｽ ===
・ｽ・ｽ・ｽ[・ｽg・ｽ・ｽ・ｽx・ｽ・ｽ・ｽ・ｽ 'ProjectA' ・ｽt・ｽH・ｽ・ｽ・ｽ_・ｽ・ｽ1・ｽﾂゑｿｽ・ｽ・ｽ・ｽ・ｽ・ｽ・ｽ鼾・ｿｽA
・ｽ・ｽd・ｽt・ｽH・ｽ・ｽ・ｽ_・ｽh・ｽ~・ｽﾉゑｿｽ・ｽ outputDir ・ｽ・ｽ・ｽ・ｽ・ｽﾚ返ゑｿｽ・ｽ・ｽ・ｽ
・ｽi・ｽW・ｽJ・ｽ・ｽ・ｽ・ｽ ProjectA ・ｽﾌ抵ｿｽ・ｽg・ｽ・ｽ outputDir ・ｽﾉ配・ｽu・ｽ・ｽ・ｽ・ｽ・ｽj
=== Test: GetOutputDirectory_WithMultipleFoldersInRoot_CreatesFolder ===
ZIP file: C:\Users\szk\AppData\Local\Temp\ArchiveExtractorTests_56e585c5-2bfe-4740-9bd7-f0a1db6607e5\ProjectB.zip
ZIP file name (without extension): ProjectB
Output directory: C:\Users\szk\AppData\Local\Temp\ArchiveExtractorTests_56e585c5-2bfe-4740-9bd7-f0a1db6607e5\output
Archive contents (2 items):
  - 'folder1\file1.txt'
  - 'folder2\file2.txt'
・ｽ・ｽ・ｽﾒ値 (Expected): C:\Users\szk\AppData\Local\Temp\ArchiveExtractorTests_56e585c5-2bfe-4740-9bd7-f0a1db6607e5\output\ProjectB
・ｽ・ｽ・ｽ・ｽ (Actual):   C:\Users\szk\AppData\Local\Temp\ArchiveExtractorTests_56e585c5-2bfe-4740-9bd7-f0a1db6607e5\output\ProjectB
・ｽ・ｽv: True
=== ・ｽV・ｽd・ｽl・ｽﾅの撰ｿｽ・ｽ・ｽ ===
・ｽ・ｽ・ｽ[・ｽg・ｽ・ｽ・ｽx・ｽ・ｽ・ｽﾉ包ｿｽ・ｽ・ｽ・ｽﾌア・ｽC・ｽe・ｽ・ｽ・ｽ・ｽ・ｽ・ｽ・ｽ・ｽ鼾・ｿｽA
・ｽA・ｽ[・ｽJ・ｽC・ｽu・ｽ・ｽ・ｽﾌフ・ｽH・ｽ・ｽ・ｽ_・ｽiProjectB・ｽj・ｽ・ｽ・ｽ・ｬ・ｽ・ｽ・ｽ・ｽ
  謌仙粥 Lhamiel.Tests.Unit.SettingsTests.SupportedExtractionFormats_ContainsExpectedFormats(format: "RAR", shouldBeSupported: True) [< 1 ms]
  謌仙粥 Lhamiel.Tests.Unit.SettingsTests.SupportedExtractionFormats_ContainsExpectedFormats(format: "ZIP", shouldBeSupported: True) [< 1 ms]
  謌仙粥 Lhamiel.Tests.Unit.SettingsTests.Settings_DefaultValues_AreCorrect [< 1 ms]
  謌仙粥 Lhamiel.Tests.Unit.ArchiveExtractorTests.GetOutputDirectory_WithValidPath_ReturnsExpectedPath [127 ms]
  謌仙粥 Lhamiel.Tests.Unit.ArchiveExtractorTests.GetOutputDirectory_WithDeepNestedFolders_PreventsDoubleFolders [299 ms]
  謌仙粥 Lhamiel.Tests.Unit.ArchiveExtractorTests.IsSupportedArchiveType_WithUnsupportedExtension_ReturnsFalse [< 1 ms]
  謌仙粥 Lhamiel.Tests.Unit.ArchiveExtractorTests.GetOutputDirectory_WithSingleFolderInRoot_PreventsDoubleFolders [11 ms]
  謌仙粥 Lhamiel.Tests.Unit.ArchiveExtractorTests.IsSupportedArchiveType_WithZipExtension_ReturnsTrue [< 1 ms]
  謌仙粥 Lhamiel.Tests.Unit.ArchiveExtractorTests.GetOutputDirectory_WithMultipleFoldersInRoot_CreatesFolder [7 ms]
  謌仙粥 Lhamiel.Tests.Unit.ArchiveCompressionTests.CompressAndExtract_WithMultipleFormats_AllSucceed(extension: ".zip") [455 ms]
=== TAR・ｽ`・ｽ・ｽ・ｽiGZIP・ｽﾝ奇ｿｽ・ｽj ・ｽ・ｽ・ｽ{・ｽ・ｽt・ｽ@・ｽC・ｽ・ｽ・ｽ・ｽ・ｽe・ｽX・ｽg ===
・ｽ・ｽ・ｽﾌデ・ｽB・ｽ・ｽ・ｽN・ｽg・ｽ・ｽ: C:\Users\szk\AppData\Local\Temp\ArchiveCompressionTests_93c25968-1a29-4b4a-b4d6-bace3dd3161d\・ｽ・ｽ・ｽ{・ｽ・ｽt・ｽH・ｽ・ｽ・ｽ_
TAR・ｽt・ｽ@・ｽC・ｽ・ｽ: C:\Users\szk\AppData\Local\Temp\ArchiveCompressionTests_93c25968-1a29-4b4a-b4d6-bace3dd3161d\・ｽ・ｽ・ｽ{・ｽ・ｽe・ｽX・ｽg.tar
? ・ｽ・ｽ・ｽk・ｽ・ｽ・ｽ・ｽ
・ｽW・ｽJ・ｽ・ｽ・ｽ黷ｽ・ｽt・ｽ@・ｽC・ｽ・ｽ (4・ｽ・ｽ):
  - ・ｽﾝ抵ｿｽt・ｽ@・ｽC・ｽ・ｽ.txt
  - ・ｽﾇゑｿｽﾅゑｿｽ・ｽ・ｽ・ｽ・ｽ・ｽ・ｽ.txt
  - ・ｽT・ｽu・ｽt・ｽH・ｽ・ｽ・ｽ_\・ｽf・ｽ[・ｽ^.json
  - ・ｽT・ｽu・ｽt・ｽH・ｽ・ｽ・ｽ_\・ｽ・ｽ・ｽ・ｽ・ｽ・ｽ.txt
? TAR・ｽ`・ｽ・ｽ: ・ｽ・ｽ・ｽ{・ｽ・ｽt・ｽ@・ｽC・ｽ・ｽ・ｽ・ｽ・ｽﾌエ・ｽ・ｽ・ｽR・ｽ[・ｽf・ｽB・ｽ・ｽ・ｽO・ｽ・ｽ・ｽ・ｽ・ｽ・ｽ・ｽ・ｽ・ｽﾛ趣ｿｽ・ｽ・ｽ・ｽ・ｽﾜゑｿｽ・ｽ・ｽ
=== TAR・ｽ`・ｽ・ｽ ・ｽ・ｽ・ｽ{・ｽ・ｽt・ｽ@・ｽC・ｽ・ｽ・ｽ・ｽ・ｽe・ｽX・ｽg ===
・ｽ・ｽ・ｽﾌデ・ｽB・ｽ・ｽ・ｽN・ｽg・ｽ・ｽ: C:\Users\szk\AppData\Local\Temp\ArchiveCompressionTests_5cae14b5-e96d-4813-9c53-b254ebca669b\・ｽ・ｽ・ｽ{・ｽ・ｽt・ｽH・ｽ・ｽ・ｽ_
TAR・ｽt・ｽ@・ｽC・ｽ・ｽ: C:\Users\szk\AppData\Local\Temp\ArchiveCompressionTests_5cae14b5-e96d-4813-9c53-b254ebca669b\・ｽ・ｽ・ｽ{・ｽ・ｽe・ｽX・ｽg.tar
? ・ｽ・ｽ・ｽk・ｽ・ｽ・ｽ・ｽ
・ｽW・ｽJ・ｽ・ｽ・ｽ黷ｽ・ｽt・ｽ@・ｽC・ｽ・ｽ (4・ｽ・ｽ):
  - ・ｽﾝ抵ｿｽt・ｽ@・ｽC・ｽ・ｽ.txt
  - ・ｽﾇゑｿｽﾅゑｿｽ・ｽ・ｽ・ｽ・ｽ・ｽ・ｽ.txt
  - ・ｽT・ｽu・ｽt・ｽH・ｽ・ｽ・ｽ_\・ｽf・ｽ[・ｽ^.json
  - ・ｽT・ｽu・ｽt・ｽH・ｽ・ｽ・ｽ_\・ｽ・ｽ・ｽ・ｽ・ｽ・ｽ.txt
? TAR・ｽ`・ｽ・ｽ: ・ｽ・ｽ・ｽ{・ｽ・ｽt・ｽ@・ｽC・ｽ・ｽ・ｽ・ｽ・ｽﾌエ・ｽ・ｽ・ｽR・ｽ[・ｽf・ｽB・ｽ・ｽ・ｽO・ｽ・ｽ・ｽ・ｽ・ｽ・ｽ・ｽ・ｽ・ｽﾛ趣ｿｽ・ｽ・ｽ・ｽ・ｽﾜゑｿｽ・ｽ・ｽ
=== 7z・ｽ`・ｽ・ｽ ・ｽ・ｽ・ｽ{・ｽ・ｽt・ｽ@・ｽC・ｽ・ｽ・ｽ・ｽ・ｽe・ｽX・ｽg ===
・ｽ・ｽ・ｽﾌデ・ｽB・ｽ・ｽ・ｽN・ｽg・ｽ・ｽ: C:\Users\szk\AppData\Local\Temp\ArchiveCompressionTests_1b11db0c-50f1-414b-bec5-82c5fd16a2b6\・ｽ・ｽ・ｽ{・ｽ・ｽt・ｽH・ｽ・ｽ・ｽ_
7z・ｽt・ｽ@・ｽC・ｽ・ｽ: C:\Users\szk\AppData\Local\Temp\ArchiveCompressionTests_1b11db0c-50f1-414b-bec5-82c5fd16a2b6\・ｽ・ｽ・ｽ{・ｽ・ｽe・ｽX・ｽg.7z
? ・ｽ・ｽ・ｽk・ｽ・ｽ・ｽ・ｽ
・ｽW・ｽJ・ｽ・ｽ・ｽ黷ｽ・ｽt・ｽ@・ｽC・ｽ・ｽ (4・ｽ・ｽ):
  - ・ｽﾝ抵ｿｽt・ｽ@・ｽC・ｽ・ｽ.txt
  - ・ｽﾇゑｿｽﾅゑｿｽ・ｽ・ｽ・ｽ・ｽ・ｽ・ｽ.txt
  - ・ｽT・ｽu・ｽt・ｽH・ｽ・ｽ・ｽ_\・ｽf・ｽ[・ｽ^.json
  - ・ｽT・ｽu・ｽt・ｽH・ｽ・ｽ・ｽ_\・ｽ・ｽ・ｽ・ｽ・ｽ・ｽ.txt
? 7z・ｽ`・ｽ・ｽ: ・ｽ・ｽ・ｽ{・ｽ・ｽt・ｽ@・ｽC・ｽ・ｽ・ｽ・ｽ・ｽﾌエ・ｽ・ｽ・ｽR・ｽ[・ｽf・ｽB・ｽ・ｽ・ｽO・ｽ・ｽ・ｽ・ｽ・ｽ・ｽ・ｽ・ｽ・ｽﾛ趣ｿｽ・ｽ・ｽ・ｽ・ｽﾜゑｿｽ・ｽ・ｽ
=== ZIP・ｽ`・ｽ・ｽ ・ｽ・ｽ・ｽ{・ｽ・ｽt・ｽ@・ｽC・ｽ・ｽ・ｽ・ｽ・ｽe・ｽX・ｽg ===
・ｽ・ｽ・ｽﾌデ・ｽB・ｽ・ｽ・ｽN・ｽg・ｽ・ｽ: C:\Users\szk\AppData\Local\Temp\ArchiveCompressionTests_47c6b7aa-9488-4fda-9268-7fc222f1353a\・ｽ・ｽ・ｽ{・ｽ・ｽt・ｽH・ｽ・ｽ・ｽ_
ZIP・ｽt・ｽ@・ｽC・ｽ・ｽ: C:\Users\szk\AppData\Local\Temp\ArchiveCompressionTests_47c6b7aa-9488-4fda-9268-7fc222f1353a\・ｽ・ｽ・ｽ{・ｽ・ｽe・ｽX・ｽg.zip
? ・ｽ・ｽ・ｽk・ｽ・ｽ・ｽ・ｽ
・ｽW・ｽJ・ｽ・ｽ・ｽ黷ｽ・ｽt・ｽ@・ｽC・ｽ・ｽ (4・ｽ・ｽ):
  - ・ｽﾝ抵ｿｽt・ｽ@・ｽC・ｽ・ｽ.txt
  - ・ｽﾇゑｿｽﾅゑｿｽ・ｽ・ｽ・ｽ・ｽ・ｽ・ｽ.txt
  - ・ｽT・ｽu・ｽt・ｽH・ｽ・ｽ・ｽ_\・ｽf・ｽ[・ｽ^.json
  - ・ｽT・ｽu・ｽt・ｽH・ｽ・ｽ・ｽ_\・ｽ・ｽ・ｽ・ｽ・ｽ・ｽ.txt
? ZIP・ｽ`・ｽ・ｽ: ・ｽ・ｽ・ｽ{・ｽ・ｽt・ｽ@・ｽC・ｽ・ｽ・ｽ・ｽ・ｽﾌエ・ｽ・ｽ・ｽR・ｽ[・ｽf・ｽB・ｽ・ｽ・ｽO・ｽ・ｽ・ｽ・ｽ・ｽ・ｽ・ｽ・ｽ・ｽﾛ趣ｿｽ・ｽ・ｽ・ｽ・ｽﾜゑｿｽ・ｽ・ｽ
  謌仙粥 Lhamiel.Tests.Unit.ArchiveCompressionTests.CompressAndExtract_WithMultipleFormats_AllSucceed(extension: ".7z") [20 ms]
  謌仙粥 Lhamiel.Tests.Unit.ArchiveCompressionTests.CompressAndExtract_With7zFormat_SucceedsAndPreservesContent [19 ms]
  謌仙粥 Lhamiel.Tests.Unit.ArchiveCompressionTests.CompressAndExtract_WithJapaneseFilenames_GzipFormat_PreservesEncoding [35 ms]
  謌仙粥 Lhamiel.Tests.Unit.ArchiveCompressionTests.CompressAndExtract_WithJapaneseFilenames_TarFormat_PreservesEncoding [26 ms]
  謌仙粥 Lhamiel.Tests.Unit.ArchiveCompressionTests.CompressAndExtract_WithZipFormat_SucceedsAndPreservesContent [23 ms]
  謌仙粥 Lhamiel.Tests.Unit.ArchiveCompressionTests.CompressAndExtract_WithJapaneseFilenames_7zFormat_PreservesEncoding [26 ms]
  謌仙粥 Lhamiel.Tests.Unit.ArchiveCompressionTests.CompressFile_WithZipFormat_Succeeds [5 ms]
  謌仙粥 Lhamiel.Tests.Unit.ArchiveCompressionTests.CompressAndExtract_WithJapaneseFilenames_ZipFormat_PreservesEncoding [90 ms]
  謌仙粥 Lhamiel.Tests.Unit.ArchiveCompressionTests.CompressMultipleFiles_WithZipFormat_Succeeds [10 ms]
  謌仙粥 Lhamiel.Tests.Unit.ArchiveCompressionTests.CompressAndExtract_WithTarFormat_SucceedsAndPreservesContent [26 ms]
  謌仙粥 Lhamiel.Tests.Unit.ParallelProcessingTests.CompressFoldersAsync_Cancellation_StopsGracefully [4 s]
  謌仙粥 Lhamiel.Tests.Unit.ParallelProcessingTests.ExtractArchivesAsync_ThreadSafety_NoRaceConditions [1 s]
  謌仙粥 Lhamiel.Tests.Unit.ParallelProcessingTests.CompressFoldersAsync_MultipleFolders_AllCompressedSuccessfully [2 s]
  謌仙粥 Lhamiel.Tests.Unit.ParallelProcessingTests.CompressFoldersAsync_MultipleFolders_ParallelExecution [2 s]
Fatal error.
Internal CLR error. (0x80131506)
繧｢繧ｯ繝・ぅ繝悶↑繝・せ繝医・螳溯｡後′荳ｭ豁｢縺輔ｌ縺ｾ縺励◆縲ら炊逕ｱ: 繝・せ繝医・繝帙せ繝・繝励Ο繧ｻ繧ｹ縺後け繝ｩ繝・す繝･縺励∪縺励◆ : Fatal error.
Internal CLR error. (0x80131506)


繝・せ繝亥ｮ溯｡後′荳ｭ豁｢縺輔ｌ縺ｾ縺励◆縲・
繝・せ繝医・蜷郁ｨ域焚: 荳肴・
     謌仙粥: 39
蜷郁ｨ域凾髢・ 10.1891 遘・
       _VSTestConsole:
         MSB4181: "VSTestTask" 繧ｿ繧ｹ繧ｯ縺九ｉ false 縺瑚ｿ斐＆繧後∪縺励◆縺後√お繝ｩ繝ｼ縺後Ο繧ｰ縺ｫ險倬鹸縺輔ｌ縺ｾ縺帙ｓ縺ｧ縺励◆縲・
     1>繝励Ο繧ｸ繧ｧ繧ｯ繝・"C:\Users\szk\Work\Lhamiel\Lhamiel.Tests.Unit\Lhamiel.Tests.Unit.csproj" (VSTest 繧ｿ繝ｼ繧ｲ繝・ヨ) 縺ｮ繝薙Ν繝峨′邨ゆｺ・＠縺ｾ縺励◆ -- 螟ｱ謨励・

繝薙Ν繝峨↓螟ｱ謨励＠縺ｾ縺励◆縲・
    0 蛟九・隴ｦ蜻・
    0 繧ｨ繝ｩ繝ｼ

邨碁℃譎る俣 00:00:12.39
